<?xml version="1.0" encoding="UTF-8"?>
<blueprint xmlns="http://www.osgi.org/xmlns/blueprint/v1.0.0"
           xmlns:xsi="http://www.w3.org/2001/XMLSchema-instance"
           xmlns:camel="http://camel.apache.org/schema/blueprint"
           xsi:schemaLocation="
       http://www.osgi.org/xmlns/blueprint/v1.0.0 http://www.osgi.org/xmlns/blueprint/v1.0.0/blueprint.xsd
       http://camel.apache.org/schema/blueprint http://camel.apache.org/schema/blueprint/camel-blueprint.xsd">

    <bean class="foo.factory.ComplexModelFactory" id="complexFactory" />

    <camelContext trace="true" xmlns="http://camel.apache.org/schema/blueprint">
        <route>
            <from uri="direct:start"/>

            <bean ref="orderFactory" method="createComplexModel"/>

            <setHeader headerName="id">
                <simple>${body} == ${body}</simple>
            </setHeader>
            <setBody>
                <simple>${headers.id}</simple>
            </setBody>
        </route>
    </camelContext>
</blueprint>
